src/app/page.tsx(7,24): error TS2307: Cannot find module '@/components/GlobalFeed' or its corresponding type declarations.
src/app/page.tsx(8,25): error TS2307: Cannot find module '@/components/WeatherFeed' or its corresponding type declarations.
src/app/page.tsx(9,22): error TS2307: Cannot find module '@/components/NewsFeed' or its corresponding type declarations.
src/app/page.tsx(10,26): error TS2307: Cannot find module '@/components/RightSidebar' or its corresponding type declarations.
src/app/page.tsx(11,24): error TS2307: Cannot find module '@/components/StoriesRow' or its corresponding type declarations.
src/app/page.tsx(12,21): error TS2307: Cannot find module '@/components/Sidebar' or its corresponding type declarations.
src/app/page.tsx(13,20): error TS2307: Cannot find module '@/components/Header' or its corresponding type declarations.
src/app/page.tsx(14,30): error TS2307: Cannot find module '@/components/ProtocolOverview' or its corresponding type declarations.
src/app/page.tsx(15,27): error TS2307: Cannot find module '@/components/ErrorBoundary' or its corresponding type declarations.
src/app/page.tsx(16,43): error TS2307: Cannot find module '@/lib/profiles' or its corresponding type declarations.
src/app/page.tsx(17,28): error TS2307: Cannot find module '@/lib/telemetry' or its corresponding type declarations.
src/app/page.tsx(18,25): error TS2307: Cannot find module '@/components/economy/TopUpDrawer' or its corresponding type declarations.
src/app/page.tsx(19,24): error TS2307: Cannot find module '@/components/ChatDrawer' or its corresponding type declarations.
src/app/page.tsx(20,25): error TS2307: Cannot find module '@/components/providers/UserProvider' or its corresponding type declarations.
src/app/page.tsx(21,29): error TS2307: Cannot find module '@/components/MobileBottomNav' or its corresponding type declarations.
src/app/page.tsx(22,33): error TS2307: Cannot find module '@/components/NeuralPulseTerminal' or its corresponding type declarations.
src/app/page.tsx(23,34): error TS2307: Cannot find module '@/components/FloatingChatTerminal' or its corresponding type declarations.
